/Users/neomind/alladin/lunia_core-Spot-Trading-Core/.venv/lib/python3.9/site-packages/urllib3/__init__.py:35: NotOpenSSLWarning: urllib3 v2 only supports OpenSSL 1.1.1+, currently the 'ssl' module is compiled with 'LibreSSL 2.8.3'. See: https://github.com/urllib3/urllib3/issues/3020
  warnings.warn(
Traceback (most recent call last):
  File "/Users/neomind/alladin/lunia_core-Spot-Trading-Core/.venv/lib/python3.9/site-packages/sqlalchemy/engine/base.py", line 3371, in _wrap_pool_connect
    return fn()
  File "/Users/neomind/alladin/lunia_core-Spot-Trading-Core/.venv/lib/python3.9/site-packages/sqlalchemy/pool/base.py", line 327, in connect
    return _ConnectionFairy._checkout(self)
  File "/Users/neomind/alladin/lunia_core-Spot-Trading-Core/.venv/lib/python3.9/site-packages/sqlalchemy/pool/base.py", line 894, in _checkout
    fairy = _ConnectionRecord.checkout(pool)
  File "/Users/neomind/alladin/lunia_core-Spot-Trading-Core/.venv/lib/python3.9/site-packages/sqlalchemy/pool/base.py", line 493, in checkout
    rec = pool._do_get()
  File "/Users/neomind/alladin/lunia_core-Spot-Trading-Core/.venv/lib/python3.9/site-packages/sqlalchemy/pool/impl.py", line 256, in _do_get
    return self._create_connection()
  File "/Users/neomind/alladin/lunia_core-Spot-Trading-Core/.venv/lib/python3.9/site-packages/sqlalchemy/pool/base.py", line 273, in _create_connection
    return _ConnectionRecord(self)
  File "/Users/neomind/alladin/lunia_core-Spot-Trading-Core/.venv/lib/python3.9/site-packages/sqlalchemy/pool/base.py", line 388, in __init__
    self.__connect()
  File "/Users/neomind/alladin/lunia_core-Spot-Trading-Core/.venv/lib/python3.9/site-packages/sqlalchemy/pool/base.py", line 691, in __connect
    pool.logger.debug("Error on connect(): %s", e)
  File "/Users/neomind/alladin/lunia_core-Spot-Trading-Core/.venv/lib/python3.9/site-packages/sqlalchemy/util/langhelpers.py", line 70, in __exit__
    compat.raise_(
  File "/Users/neomind/alladin/lunia_core-Spot-Trading-Core/.venv/lib/python3.9/site-packages/sqlalchemy/util/compat.py", line 211, in raise_
    raise exception
  File "/Users/neomind/alladin/lunia_core-Spot-Trading-Core/.venv/lib/python3.9/site-packages/sqlalchemy/pool/base.py", line 686, in __connect
    self.dbapi_connection = connection = pool._invoke_creator(self)
  File "/Users/neomind/alladin/lunia_core-Spot-Trading-Core/.venv/lib/python3.9/site-packages/sqlalchemy/engine/create.py", line 574, in connect
    return dialect.connect(*cargs, **cparams)
  File "/Users/neomind/alladin/lunia_core-Spot-Trading-Core/.venv/lib/python3.9/site-packages/sqlalchemy/engine/default.py", line 598, in connect
    return self.dbapi.connect(*cargs, **cparams)
sqlite3.OperationalError: unable to open database file

The above exception was the direct cause of the following exception:

Traceback (most recent call last):
  File "/Library/Developer/CommandLineTools/Library/Frameworks/Python3.framework/Versions/3.9/lib/python3.9/runpy.py", line 197, in _run_module_as_main
    return _run_code(code, main_globals, None,
  File "/Library/Developer/CommandLineTools/Library/Frameworks/Python3.framework/Versions/3.9/lib/python3.9/runpy.py", line 87, in _run_code
    exec(code, run_globals)
  File "/Users/neomind/alladin/lunia_core-Spot-Trading-Core/lunia_core/app/services/api/flask_app.py", line 115, in <module>
    init_db(lambda: Base.metadata.create_all(bind=engine))
  File "/Users/neomind/alladin/lunia_core-Spot-Trading-Core/lunia_core/app/services/auth/database.py", line 33, in init_db
    create_func()
  File "/Users/neomind/alladin/lunia_core-Spot-Trading-Core/lunia_core/app/services/api/flask_app.py", line 115, in <lambda>
    init_db(lambda: Base.metadata.create_all(bind=engine))
  File "/Users/neomind/alladin/lunia_core-Spot-Trading-Core/.venv/lib/python3.9/site-packages/sqlalchemy/sql/schema.py", line 4930, in create_all
    bind._run_ddl_visitor(
  File "/Users/neomind/alladin/lunia_core-Spot-Trading-Core/.venv/lib/python3.9/site-packages/sqlalchemy/future/engine.py", line 347, in _run_ddl_visitor
    with self.begin() as conn:
  File "/Library/Developer/CommandLineTools/Library/Frameworks/Python3.framework/Versions/3.9/lib/python3.9/contextlib.py", line 117, in __enter__
    return next(self.gen)
  File "/Users/neomind/alladin/lunia_core-Spot-Trading-Core/.venv/lib/python3.9/site-packages/sqlalchemy/future/engine.py", line 385, in begin
    with self.connect() as conn:
  File "/Users/neomind/alladin/lunia_core-Spot-Trading-Core/.venv/lib/python3.9/site-packages/sqlalchemy/future/engine.py", line 412, in connect
    return super(Engine, self).connect()
  File "/Users/neomind/alladin/lunia_core-Spot-Trading-Core/.venv/lib/python3.9/site-packages/sqlalchemy/engine/base.py", line 3325, in connect
    return self._connection_cls(self, close_with_result=close_with_result)
  File "/Users/neomind/alladin/lunia_core-Spot-Trading-Core/.venv/lib/python3.9/site-packages/sqlalchemy/engine/base.py", line 96, in __init__
    else engine.raw_connection()
  File "/Users/neomind/alladin/lunia_core-Spot-Trading-Core/.venv/lib/python3.9/site-packages/sqlalchemy/engine/base.py", line 3404, in raw_connection
    return self._wrap_pool_connect(self.pool.connect, _connection)
  File "/Users/neomind/alladin/lunia_core-Spot-Trading-Core/.venv/lib/python3.9/site-packages/sqlalchemy/engine/base.py", line 3374, in _wrap_pool_connect
    Connection._handle_dbapi_exception_noconnection(
  File "/Users/neomind/alladin/lunia_core-Spot-Trading-Core/.venv/lib/python3.9/site-packages/sqlalchemy/engine/base.py", line 2208, in _handle_dbapi_exception_noconnection
    util.raise_(
  File "/Users/neomind/alladin/lunia_core-Spot-Trading-Core/.venv/lib/python3.9/site-packages/sqlalchemy/util/compat.py", line 211, in raise_
    raise exception
  File "/Users/neomind/alladin/lunia_core-Spot-Trading-Core/.venv/lib/python3.9/site-packages/sqlalchemy/engine/base.py", line 3371, in _wrap_pool_connect
    return fn()
  File "/Users/neomind/alladin/lunia_core-Spot-Trading-Core/.venv/lib/python3.9/site-packages/sqlalchemy/pool/base.py", line 327, in connect
    return _ConnectionFairy._checkout(self)
  File "/Users/neomind/alladin/lunia_core-Spot-Trading-Core/.venv/lib/python3.9/site-packages/sqlalchemy/pool/base.py", line 894, in _checkout
    fairy = _ConnectionRecord.checkout(pool)
  File "/Users/neomind/alladin/lunia_core-Spot-Trading-Core/.venv/lib/python3.9/site-packages/sqlalchemy/pool/base.py", line 493, in checkout
    rec = pool._do_get()
  File "/Users/neomind/alladin/lunia_core-Spot-Trading-Core/.venv/lib/python3.9/site-packages/sqlalchemy/pool/impl.py", line 256, in _do_get
    return self._create_connection()
  File "/Users/neomind/alladin/lunia_core-Spot-Trading-Core/.venv/lib/python3.9/site-packages/sqlalchemy/pool/base.py", line 273, in _create_connection
    return _ConnectionRecord(self)
  File "/Users/neomind/alladin/lunia_core-Spot-Trading-Core/.venv/lib/python3.9/site-packages/sqlalchemy/pool/base.py", line 388, in __init__
    self.__connect()
  File "/Users/neomind/alladin/lunia_core-Spot-Trading-Core/.venv/lib/python3.9/site-packages/sqlalchemy/pool/base.py", line 691, in __connect
    pool.logger.debug("Error on connect(): %s", e)
  File "/Users/neomind/alladin/lunia_core-Spot-Trading-Core/.venv/lib/python3.9/site-packages/sqlalchemy/util/langhelpers.py", line 70, in __exit__
    compat.raise_(
  File "/Users/neomind/alladin/lunia_core-Spot-Trading-Core/.venv/lib/python3.9/site-packages/sqlalchemy/util/compat.py", line 211, in raise_
    raise exception
  File "/Users/neomind/alladin/lunia_core-Spot-Trading-Core/.venv/lib/python3.9/site-packages/sqlalchemy/pool/base.py", line 686, in __connect
    self.dbapi_connection = connection = pool._invoke_creator(self)
  File "/Users/neomind/alladin/lunia_core-Spot-Trading-Core/.venv/lib/python3.9/site-packages/sqlalchemy/engine/create.py", line 574, in connect
    return dialect.connect(*cargs, **cparams)
  File "/Users/neomind/alladin/lunia_core-Spot-Trading-Core/.venv/lib/python3.9/site-packages/sqlalchemy/engine/default.py", line 598, in connect
    return self.dbapi.connect(*cargs, **cparams)
sqlalchemy.exc.OperationalError: (sqlite3.OperationalError) unable to open database file
(Background on this error at: https://sqlalche.me/e/14/e3q8)
DEBUG: BASE_DIR=/Users/neomind/alladin/lunia_core-Spot-Trading-Core/lunia_core
DEBUG: DATA_DIR=/Users/neomind/alladin/lunia_core-Spot-Trading-Core/lunia_core/data
DEBUG: DATABASE_URL=sqlite:///data/lunia.db
/Users/neomind/alladin/lunia_core-Spot-Trading-Core/.venv/lib/python3.9/site-packages/urllib3/__init__.py:35: NotOpenSSLWarning: urllib3 v2 only supports OpenSSL 1.1.1+, currently the 'ssl' module is compiled with 'LibreSSL 2.8.3'. See: https://github.com/urllib3/urllib3/issues/3020
  warnings.warn(
Missing Binance API credentials; falling back to mock mode
Missing Binance Futures credentials; falling back to mock mode
DEBUG: BASE_DIR=/Users/neomind/alladin/lunia_core-Spot-Trading-Core/lunia_core
DEBUG: DATA_DIR=/Users/neomind/alladin/lunia_core-Spot-Trading-Core/lunia_core/data
DEBUG: DATABASE_URL=sqlite:////Users/neomind/alladin/lunia_core-Spot-Trading-Core/lunia_core/data/lunia.db
 * Serving Flask app 'flask_app'
 * Debug mode: on
[31m[1mWARNING: This is a development server. Do not use it in a production deployment. Use a production WSGI server instead.[0m
 * Running on all addresses (0.0.0.0)
 * Running on http://127.0.0.1:8080
 * Running on http://192.168.1.19:8080
[33mPress CTRL+C to quit[0m
 * Restarting with stat
/Users/neomind/alladin/lunia_core-Spot-Trading-Core/.venv/lib/python3.9/site-packages/urllib3/__init__.py:35: NotOpenSSLWarning: urllib3 v2 only supports OpenSSL 1.1.1+, currently the 'ssl' module is compiled with 'LibreSSL 2.8.3'. See: https://github.com/urllib3/urllib3/issues/3020
  warnings.warn(
Missing Binance API credentials; falling back to mock mode
Missing Binance Futures credentials; falling back to mock mode
 * Debugger is active!
 * Debugger PIN: 287-308-433
