/Users/neomind/alladin/lunia_core-Spot-Trading-Core/lunia_core/.venv/lib/python3.9/site-packages/urllib3/__init__.py:35: NotOpenSSLWarning: urllib3 v2 only supports OpenSSL 1.1.1+, currently the 'ssl' module is compiled with 'LibreSSL 2.8.3'. See: https://github.com/urllib3/urllib3/issues/3020
  warnings.warn(
Traceback (most recent call last):
  File "/Library/Developer/CommandLineTools/Library/Frameworks/Python3.framework/Versions/3.9/lib/python3.9/runpy.py", line 197, in _run_module_as_main
    return _run_code(code, main_globals, None,
  File "/Library/Developer/CommandLineTools/Library/Frameworks/Python3.framework/Versions/3.9/lib/python3.9/runpy.py", line 87, in _run_code
    exec(code, run_globals)
  File "/Users/neomind/alladin/lunia_core-Spot-Trading-Core/lunia_core/.venv/lib/python3.9/site-packages/flask/__main__.py", line 3, in <module>
    main()
  File "/Users/neomind/alladin/lunia_core-Spot-Trading-Core/lunia_core/.venv/lib/python3.9/site-packages/flask/cli.py", line 1131, in main
    cli.main()
  File "/Users/neomind/alladin/lunia_core-Spot-Trading-Core/lunia_core/.venv/lib/python3.9/site-packages/click/core.py", line 1082, in main
    rv = self.invoke(ctx)
  File "/Users/neomind/alladin/lunia_core-Spot-Trading-Core/lunia_core/.venv/lib/python3.9/site-packages/click/core.py", line 1697, in invoke
    return _process_result(sub_ctx.command.invoke(sub_ctx))
  File "/Users/neomind/alladin/lunia_core-Spot-Trading-Core/lunia_core/.venv/lib/python3.9/site-packages/click/core.py", line 1443, in invoke
    return ctx.invoke(self.callback, **ctx.params)
  File "/Users/neomind/alladin/lunia_core-Spot-Trading-Core/lunia_core/.venv/lib/python3.9/site-packages/click/core.py", line 788, in invoke
    return __callback(*args, **kwargs)
  File "/Users/neomind/alladin/lunia_core-Spot-Trading-Core/lunia_core/.venv/lib/python3.9/site-packages/click/decorators.py", line 92, in new_func
    return ctx.invoke(f, obj, *args, **kwargs)
  File "/Users/neomind/alladin/lunia_core-Spot-Trading-Core/lunia_core/.venv/lib/python3.9/site-packages/click/core.py", line 788, in invoke
    return __callback(*args, **kwargs)
  File "/Users/neomind/alladin/lunia_core-Spot-Trading-Core/lunia_core/.venv/lib/python3.9/site-packages/flask/cli.py", line 979, in run_command
    raise e from None
  File "/Users/neomind/alladin/lunia_core-Spot-Trading-Core/lunia_core/.venv/lib/python3.9/site-packages/flask/cli.py", line 963, in run_command
    app: WSGIApplication = info.load_app()  # pyright: ignore
  File "/Users/neomind/alladin/lunia_core-Spot-Trading-Core/lunia_core/.venv/lib/python3.9/site-packages/flask/cli.py", line 349, in load_app
    app = locate_app(import_name, name)
  File "/Users/neomind/alladin/lunia_core-Spot-Trading-Core/lunia_core/.venv/lib/python3.9/site-packages/flask/cli.py", line 245, in locate_app
    __import__(module_name)
  File "/Users/neomind/alladin/lunia_core-Spot-Trading-Core/lunia_core/app/services/api/flask_app.py", line 127, in <module>
    class AIProposal(BaseModel):
NameError: name 'BaseModel' is not defined
