Traceback (most recent call last):
  File "/Users/neomind/alladin/lunia_core-Spot-Trading-Core/lunia_core/.venv/bin/flask", line 7, in <module>
    sys.exit(main())
  File "/Users/neomind/alladin/lunia_core-Spot-Trading-Core/lunia_core/.venv/lib/python3.9/site-packages/flask/cli.py", line 1131, in main
    cli.main()
  File "/Users/neomind/alladin/lunia_core-Spot-Trading-Core/lunia_core/.venv/lib/python3.9/site-packages/click/core.py", line 1082, in main
    rv = self.invoke(ctx)
  File "/Users/neomind/alladin/lunia_core-Spot-Trading-Core/lunia_core/.venv/lib/python3.9/site-packages/click/core.py", line 1697, in invoke
    return _process_result(sub_ctx.command.invoke(sub_ctx))
  File "/Users/neomind/alladin/lunia_core-Spot-Trading-Core/lunia_core/.venv/lib/python3.9/site-packages/click/core.py", line 1443, in invoke
    return ctx.invoke(self.callback, **ctx.params)
  File "/Users/neomind/alladin/lunia_core-Spot-Trading-Core/lunia_core/.venv/lib/python3.9/site-packages/click/core.py", line 788, in invoke
    return __callback(*args, **kwargs)
  File "/Users/neomind/alladin/lunia_core-Spot-Trading-Core/lunia_core/.venv/lib/python3.9/site-packages/click/decorators.py", line 92, in new_func
    return ctx.invoke(f, obj, *args, **kwargs)
  File "/Users/neomind/alladin/lunia_core-Spot-Trading-Core/lunia_core/.venv/lib/python3.9/site-packages/click/core.py", line 788, in invoke
    return __callback(*args, **kwargs)
  File "/Users/neomind/alladin/lunia_core-Spot-Trading-Core/lunia_core/.venv/lib/python3.9/site-packages/flask/cli.py", line 979, in run_command
    raise e from None
  File "/Users/neomind/alladin/lunia_core-Spot-Trading-Core/lunia_core/.venv/lib/python3.9/site-packages/flask/cli.py", line 963, in run_command
    app: WSGIApplication = info.load_app()  # pyright: ignore
  File "/Users/neomind/alladin/lunia_core-Spot-Trading-Core/lunia_core/.venv/lib/python3.9/site-packages/flask/cli.py", line 349, in load_app
    app = locate_app(import_name, name)
  File "/Users/neomind/alladin/lunia_core-Spot-Trading-Core/lunia_core/.venv/lib/python3.9/site-packages/flask/cli.py", line 245, in locate_app
    __import__(module_name)
  File "/Users/neomind/alladin/lunia_core-Spot-Trading-Core/lunia_core/app/services/api/flask_app.py", line 23, in <module>
    from ...core.ai.agent import Agent
  File "/Users/neomind/alladin/lunia_core-Spot-Trading-Core/lunia_core/app/core/ai/agent.py", line 25, in <module>
    from ..state import get_state
  File "/Users/neomind/alladin/lunia_core-Spot-Trading-Core/lunia_core/app/core/state.py", line 1
    ```
    ^
SyntaxError: invalid syntax
